2026-06-10 12:01:41 [INFO] ai_blog_server.scheduler: Running job 'Blank Handle Auto Route Job' (store=sched-blank-auto-store)
2026-06-10 12:01:41 [INFO] ai_blog_server.scheduler: Job 'Blank Handle Auto Route Job': auto-routed pooled title 'Best Home Mobility Routine for Beginners' to blog handle 'home-fitness-mobility'
2026-06-10 12:01:41 [INFO] ai_blog_server.scheduler: Job 'Blank Handle Auto Route Job' completed | title='Done' article_id=1
2026-06-10 12:01:41 [INFO] ai_blog_server.scheduler: Running job 'Auto Route Job' (store=sched-auto-store)
2026-06-10 12:01:41 [INFO] ai_blog_server.scheduler: Job 'Auto Route Job': auto-routed pooled title 'Best Home Mobility Routine for Beginners' to blog handle 'home-fitness-mobility'
2026-06-10 12:01:41 [INFO] ai_blog_server.scheduler: Job 'Auto Route Job' completed | title='Done' article_id=1
2026-06-10 12:01:41 [INFO] ai_blog_server.scheduler: Running job 'Product Auto Route Job' (store=sched-product-auto-store)
2026-06-10 12:01:41 [WARNING] ai_blog_server: Failed to fetch blog handles for store sched-product-auto-store: Token fetch for sched-product-auto-store.myshopify.com failed (404): <!doctype html>
<html class="no-js" lang="en">
<head>
  <meta charset="UTF-8">
  <title>Create an Ecommerce Website and Sell Online! Ecommerce Software by Shopify</title>
  <meta name="description" co
2026-06-10 12:01:41 [WARNING] ai_blog_server.scheduler: Job 'Product Auto Route Job': is_product_blog=1 but no products found — running as normal blog
2026-06-10 12:01:41 [INFO] ai_blog_server.scheduler: Job 'Product Auto Route Job' completed | title='Done' article_id=1
2026-06-10 12:01:42 [INFO] ai_blog_server: Admin password set for the first time from 127.0.0.1
2026-06-10 12:01:42 [WARNING] ai_blog_server: Failed admin login from 127.0.0.1
2026-06-10 12:01:42 [INFO] ai_blog_server: Password set for store 'Store One Updated' from 127.0.0.1
2026-06-10 12:01:42 [INFO] ai_blog_server.quality: {"ts": "2026-06-10T11:01:42Z", "store_id": "s1", "title": "Low Quality Store Post", "score": 1, "verdict": "blocked", "publish_blocked": true, "word_count": 2, "heading_count": 0, "paragraph_count": 1, "image_count": 0, "duplicate_similarity": 0.0, "duplicate_title": "", "checks": [{"key": "title_length", "status": "fail", "impact": 12, "message": "22 characters. Too short or too long for a strong search title."}, {"key": "summary_length", "status": "fail", "impact": 8, "message": "10 characters. Too thin or too long to work well as an excerpt."}, {"key": "word_count", "status": "fail", "impact": 22, "message": "2 words. Too short for a strong SEO post."}, {"key": "headings", "status": "fail", "impact": 16, "message": "No section headings found. The post needs structure."}, {"key": "paragraphs", "status": "fail", "impact": 12, "message": "Only 1 paragraph blocks found. The draft is too compressed."}, {"key": "images", "status": "warn", "impact": 5, "message": "No image is attached. The post can still publish, but it is weaker for CTR."}, {"key": "cta", "status": "warn", "impact": 10, "message": "No clear shopping CTA detected. Add a line that drives the reader to the store."}, {"key": "filler", "status": "pass", "impact": 0, "message": "No common filler phrases detected."}, {"key": "keyword_coverage", "status": "warn", "impact": 4, "message": "No SEO keywords were provided with this draft."}, {"key": "prompt_relevance", "status": "pass", "impact": 0, "message": "No source prompt context was available for relevance scoring."}, {"key": "readability", "status": "pass", "impact": 0, "message": "Sentence and paragraph lengths look readable."}, {"key": "ai_artifacts", "status": "pass", "impact": 0, "message": "No obvious placeholders, prompt leakage, fences, or repeated title detected."}, {"key": "seo_completeness", "status": "warn", "impact": 10, "message": "The draft is missing useful SEO elements: bullet lists, FAQ/question section."}, {"key": "trust_safety", "status": "pass", "impact": 0, "message": "No obvious risky claims or guarantee language detected."}, {"key": "title_originality", "status": "pass", "impact": 0, "message": "Title looks distinct from recent generated posts."}, {"key": "excerpt_originality", "status": "pass", "impact": 0, "message": "Excerpt is not a close match to recent generated excerpts."}, {"key": "internal_duplication", "status": "pass", "impact": 0, "message": "No strong overlap with recent posts from this store."}]}
2026-06-10 12:01:42 [WARNING] ai_blog_server: Failed to fetch blog handles for store s1: Token fetch for s1.myshopify.com failed (404): <!doctype html>
<html class="no-js" lang="en">
<head>
  <meta charset="UTF-8">
  <title>Create an Ecommerce Website and Sell Online! Ecommerce Software by Shopify</title>
  <meta name="description" co
2026-06-10 12:01:43 [WARNING] ai_blog_server: Failed to fetch blog handles for store s1: Token fetch for s1.myshopify.com failed (404): <!doctype html>
<html class="no-js" lang="en">
<head>
  <meta charset="UTF-8">
  <title>Create an Ecommerce Website and Sell Online! Ecommerce Software by Shopify</title>
  <meta name="description" co
2026-06-10 12:01:43 [WARNING] ai_blog_server: Failed to fetch blog handles for store s1: Token fetch for s1.myshopify.com failed (404): <!doctype html>
<html class="no-js" lang="en">
<head>
  <meta charset="UTF-8">
  <title>Create an Ecommerce Website and Sell Online! Ecommerce Software by Shopify</title>
  <meta name="description" co
2026-06-10 12:01:43 [WARNING] ai_blog_server: Failed to fetch blog handles for store s1: Token fetch for s1.myshopify.com failed (404): <!doctype html>
<html class="no-js" lang="en">
<head>
  <meta charset="UTF-8">
  <title>Create an Ecommerce Website and Sell Online! Ecommerce Software by Shopify</title>
  <meta name="description" co
2026-06-10 12:01:43 [INFO] ai_blog_server: Generating blog | store=s1 prompt_id=custom
2026-06-10 12:01:43 [INFO] ai_blog_server: Scoped title selection found nothing for store s1 handle=news: No title-generation model configured.
2026-06-10 12:01:43 [INFO] ai_blog_server: No keyword-pool entry matched blog scope | store=s1 handle=news focus_terms=sleep, advice
2026-06-10 12:01:43 [INFO] ai_blog_server.quality: {"ts": "2026-06-10T11:01:43Z", "store_id": "s1", "title": "How To Build Better Sleep Habits", "score": 0, "verdict": "blocked", "publish_blocked": true, "word_count": 480, "heading_count": 0, "paragraph_count": 1, "image_count": 0, "duplicate_similarity": 0.0, "duplicate_title": "", "checks": [{"key": "title_length", "status": "fail", "impact": 12, "message": "32 characters. Too short or too long for a strong search title."}, {"key": "summary_length", "status": "fail", "impact": 8, "message": "33 characters. Too thin or too long to work well as an excerpt."}, {"key": "word_count", "status": "warn", "impact": 10, "message": "480 words. Publishable, but thin for a competitive SEO topic."}, {"key": "headings", "status": "fail", "impact": 16, "message": "No section headings found. The post needs structure."}, {"key": "paragraphs", "status": "fail", "impact": 12, "message": "Only 1 paragraph blocks found. The draft is too compressed."}, {"key": "images", "status": "warn", "impact": 5, "message": "No image is attached. The post can still publish, but it is weaker for CTR."}, {"key": "cta", "status": "warn", "impact": 10, "message": "No clear shopping CTA detected. Add a line that drives the reader to the store."}, {"key": "filler", "status": "pass", "impact": 0, "message": "No common filler phrases detected."}, {"key": "keyword_coverage", "status": "fail", "impact": 12, "message": "Generated SEO keywords are not reflected in the article body."}, {"key": "keyword_stuffing", "status": "pass", "impact": 0, "message": "No obvious keyword overuse detected."}, {"key": "prompt_relevance", "status": "fail", "impact": 14, "message": "The article appears weakly related to the requested prompt."}, {"key": "readability", "status": "fail", "impact": 14, "message": "Too many long sentences or oversized paragraphs. Break up the copy."}, {"key": "ai_artifacts", "status": "pass", "impact": 0, "message": "No obvious placeholders, prompt leakage, fences, or repeated title detected."}, {"key": "seo_completeness", "status": "warn", "impact": 10, "message": "The draft is missing useful SEO elements: bullet lists, FAQ/question section."}, {"key": "trust_safety", "status": "pass", "impact": 0, "message": "No obvious risky claims or guarantee language detected."}, {"key": "title_originality", "status": "pass", "impact": 0, "message": "Title looks distinct from recent generated posts."}, {"key": "excerpt_originality", "status": "pass", "impact": 0, "message": "Excerpt is not a close match to recent generated excerpts."}, {"key": "internal_duplication", "status": "pass", "impact": 0, "message": "No strong overlap with recent posts from this store."}]}
2026-06-10 12:01:43 [INFO] ai_blog_server: Generating blog | store=s1 prompt_id=custom
2026-06-10 12:01:43 [INFO] ai_blog_server: Using pooled blog title 'Best Home Mobility Routine for Beginners' for store s1
2026-06-10 12:01:43 [INFO] ai_blog_server.quality: {"ts": "2026-06-10T11:01:43Z", "store_id": "s1", "title": "Best Home Mobility Routine for Beginners", "score": 0, "verdict": "blocked", "publish_blocked": true, "word_count": 480, "heading_count": 0, "paragraph_count": 1, "image_count": 0, "duplicate_similarity": 0.0, "duplicate_title": "", "checks": [{"key": "title_length", "status": "warn", "impact": 6, "message": "40 characters. Aim for roughly 45–65 for cleaner search snippets."}, {"key": "summary_length", "status": "fail", "impact": 8, "message": "30 characters. Too thin or too long to work well as an excerpt."}, {"key": "word_count", "status": "warn", "impact": 10, "message": "480 words. Publishable, but thin for a competitive SEO topic."}, {"key": "headings", "status": "fail", "impact": 16, "message": "No section headings found. The post needs structure."}, {"key": "paragraphs", "status": "fail", "impact": 12, "message": "Only 1 paragraph blocks found. The draft is too compressed."}, {"key": "images", "status": "warn", "impact": 5, "message": "No image is attached. The post can still publish, but it is weaker for CTR."}, {"key": "cta", "status": "warn", "impact": 10, "message": "No clear shopping CTA detected. Add a line that drives the reader to the store."}, {"key": "filler", "status": "pass", "impact": 0, "message": "No common filler phrases detected."}, {"key": "keyword_coverage", "status": "pass", "impact": 0, "message": "1/1 SEO keywords appear in useful places."}, {"key": "keyword_stuffing", "status": "warn", "impact": 7, "message": "Potential overuse detected: mobility."}, {"key": "prompt_relevance", "status": "pass", "impact": 0, "message": "Covers 6/12 important prompt terms."}, {"key": "readability", "status": "fail", "impact": 14, "message": "Too many long sentences or oversized paragraphs. Break up the copy."}, {"key": "ai_artifacts", "status": "pass", "impact": 0, "message": "No obvious placeholders, prompt leakage, fences, or repeated title detected."}, {"key": "seo_completeness", "status": "warn", "impact": 10, "message": "The draft is missing useful SEO elements: bullet lists, FAQ/question section."}, {"key": "trust_safety", "status": "pass", "impact": 0, "message": "No obvious risky claims or guarantee language detected."}, {"key": "title_originality", "status": "fail", "impact": 16, "message": "This title is almost the same as a previous post, \"Best Home Mobility Routine for Beginners\"."}, {"key": "excerpt_originality", "status": "warn", "impact": 8, "message": "The excerpt is very similar to a recent generated excerpt. Make it more specific."}, {"key": "internal_duplication", "status": "pass", "impact": 0, "message": "No strong overlap with recent posts from this store."}]}
2026-06-10 12:01:43 [INFO] ai_blog_server: Generating blog | store=s1 prompt_id=custom
2026-06-10 12:01:43 [INFO] ai_blog_server: Scoped title selection found nothing for store s1 handle=home-fitness-mobility: No title-generation model configured.
2026-06-10 12:01:43 [INFO] ai_blog_server: Using pooled keyword 'home mobility exercises for beginners' for store s1
2026-06-10 12:01:43 [INFO] ai_blog_server.quality: {"ts": "2026-06-10T11:01:43Z", "store_id": "s1", "title": "How To Improve Home Mobility", "score": 0, "verdict": "blocked", "publish_blocked": true, "word_count": 480, "heading_count": 0, "paragraph_count": 1, "image_count": 0, "duplicate_similarity": 0.0, "duplicate_title": "", "checks": [{"key": "title_length", "status": "fail", "impact": 12, "message": "28 characters. Too short or too long for a strong search title."}, {"key": "summary_length", "status": "fail", "impact": 8, "message": "30 characters. Too thin or too long to work well as an excerpt."}, {"key": "word_count", "status": "warn", "impact": 10, "message": "480 words. Publishable, but thin for a competitive SEO topic."}, {"key": "headings", "status": "fail", "impact": 16, "message": "No section headings found. The post needs structure."}, {"key": "paragraphs", "status": "fail", "impact": 12, "message": "Only 1 paragraph blocks found. The draft is too compressed."}, {"key": "images", "status": "warn", "impact": 5, "message": "No image is attached. The post can still publish, but it is weaker for CTR."}, {"key": "cta", "status": "warn", "impact": 10, "message": "No clear shopping CTA detected. Add a line that drives the reader to the store."}, {"key": "filler", "status": "pass", "impact": 0, "message": "No common filler phrases detected."}, {"key": "keyword_coverage", "status": "pass", "impact": 0, "message": "1/1 SEO keywords appear in useful places."}, {"key": "keyword_stuffing", "status": "warn", "impact": 7, "message": "Potential overuse detected: mobility."}, {"key": "prompt_relevance", "status": "warn", "impact": 8, "message": "The article only partially reflects the source prompt. Tighten the angle."}, {"key": "readability", "status": "fail", "impact": 14, "message": "Too many long sentences or oversized paragraphs. Break up the copy."}, {"key": "ai_artifacts", "status": "pass", "impact": 0, "message": "No obvious placeholders, prompt leakage, fences, or repeated title detected."}, {"key": "seo_completeness", "status": "warn", "impact": 10, "message": "The draft is missing useful SEO elements: bullet lists, FAQ/question section."}, {"key": "trust_safety", "status": "pass", "impact": 0, "message": "No obvious risky claims or guarantee language detected."}, {"key": "title_originality", "status": "pass", "impact": 0, "message": "Title looks distinct from recent generated posts."}, {"key": "excerpt_originality", "status": "warn", "impact": 8, "message": "The excerpt is very similar to a recent generated excerpt. Make it more specific."}, {"key": "internal_duplication", "status": "pass", "impact": 0, "message": "No strong overlap with recent posts from this store."}]}
2026-06-10 12:01:43 [WARNING] ai_blog_server: Failed to fetch blog handles for store s1: Token fetch for s1.myshopify.com failed (404): <!doctype html>
<html class="no-js" lang="en">
<head>
  <meta charset="UTF-8">
  <title>Create an Ecommerce Website and Sell Online! Ecommerce Software by Shopify</title>
  <meta name="description" co
2026-06-10 12:01:44 [INFO] ai_blog_server: Generating blog | store=s1 prompt_id=custom
2026-06-10 12:01:44 [INFO] ai_blog_server: Using pooled blog title 'Best Biohacking Sleep Routine at Home for Beginners' for store s1
2026-06-10 12:01:44 [INFO] ai_blog_server.quality: {"ts": "2026-06-10T11:01:44Z", "store_id": "s1", "title": "How To Choose The Best Everyday Product For Your Needs", "score": 37, "verdict": "blocked", "publish_blocked": true, "word_count": 1578, "heading_count": 3, "paragraph_count": 7, "image_count": 0, "duplicate_similarity": 0.0, "duplicate_title": "", "checks": [{"key": "title_length", "status": "pass", "impact": 0, "message": "54 characters. Good search-result length."}, {"key": "summary_length", "status": "pass", "impact": 0, "message": "146 characters. Good excerpt/meta length."}, {"key": "word_count", "status": "pass", "impact": 0, "message": "1578 words. Strong depth for an SEO article."}, {"key": "headings", "status": "pass", "impact": 0, "message": "3 section headings found."}, {"key": "paragraphs", "status": "pass", "impact": 0, "message": "7 paragraph blocks found."}, {"key": "images", "status": "warn", "impact": 5, "message": "No image is attached. The post can still publish, but it is weaker for CTR."}, {"key": "cta", "status": "pass", "impact": 0, "message": "A store-facing CTA is present or will be auto-added on publish."}, {"key": "filler", "status": "pass", "impact": 0, "message": "No common filler phrases detected."}, {"key": "keyword_coverage", "status": "fail", "impact": 12, "message": "Generated SEO keywords are not reflected in the article body."}, {"key": "keyword_stuffing", "status": "pass", "impact": 0, "message": "No obvious keyword overuse detected."}, {"key": "prompt_relevance", "status": "fail", "impact": 14, "message": "The article appears weakly related to the requested prompt."}, {"key": "readability", "status": "fail", "impact": 14, "message": "Too many long sentences or oversized paragraphs. Break up the copy."}, {"key": "ai_artifacts", "status": "pass", "impact": 0, "message": "No obvious placeholders, prompt leakage, fences, or repeated title detected."}, {"key": "seo_completeness", "status": "warn", "impact": 10, "message": "The draft is missing useful SEO elements: bullet lists, FAQ/question section."}, {"key": "trust_safety", "status": "warn", "impact": 8, "message": "Absolute claims detected: the best. Use more careful wording."}, {"key": "title_originality", "status": "pass", "impact": 0, "message": "Title looks distinct from recent generated posts."}, {"key": "excerpt_originality", "status": "pass", "impact": 0, "message": "Excerpt is not a close match to recent generated excerpts."}, {"key": "internal_duplication", "status": "pass", "impact": 0, "message": "No strong overlap with recent posts from this store."}]}
2026-06-10 12:01:44 [WARNING] ai_blog_server: Failed to fetch blog handles for store s1: Token fetch for s1.myshopify.com failed (404): <!doctype html>
<html class="no-js" lang="en">
<head>
  <meta charset="UTF-8">
  <title>Create an Ecommerce Website and Sell Online! Ecommerce Software by Shopify</title>
  <meta name="description" co
2026-06-10 12:01:44 [INFO] ai_blog_server: Generating blog | store=s1 prompt_id=custom
2026-06-10 12:01:44 [INFO] ai_blog_server: Product selected | url=https://s1.myshopify.com/products/stone-mug handle=stone-mug
2026-06-10 12:01:44 [INFO] ai_blog_server: Product image CDN URL: https://cdn.shopify.com/product-main.png
2026-06-10 12:01:44 [INFO] ai_blog_server.quality: {"ts": "2026-06-10T11:01:44Z", "store_id": "s1", "title": "Stone Mug Gift Guide", "score": 0, "verdict": "blocked", "publish_blocked": true, "word_count": 360, "heading_count": 0, "paragraph_count": 1, "image_count": 4, "duplicate_similarity": 0.0, "duplicate_title": "", "checks": [{"key": "title_length", "status": "fail", "impact": 12, "message": "20 characters. Too short or too long for a strong search title."}, {"key": "summary_length", "status": "fail", "impact": 8, "message": "33 characters. Too thin or too long to work well as an excerpt."}, {"key": "word_count", "status": "fail", "impact": 22, "message": "360 words. Too short for a strong SEO post."}, {"key": "headings", "status": "fail", "impact": 16, "message": "No section headings found. The post needs structure."}, {"key": "paragraphs", "status": "fail", "impact": 12, "message": "Only 1 paragraph blocks found. The draft is too compressed."}, {"key": "images", "status": "pass", "impact": 0, "message": "4 images ready for publish."}, {"key": "cta", "status": "pass", "impact": 0, "message": "A store-facing CTA is present or will be auto-added on publish."}, {"key": "filler", "status": "pass", "impact": 0, "message": "No common filler phrases detected."}, {"key": "keyword_coverage", "status": "fail", "impact": 12, "message": "Generated SEO keywords are not reflected in the article body."}, {"key": "keyword_stuffing", "status": "pass", "impact": 0, "message": "No obvious keyword overuse detected."}, {"key": "prompt_relevance", "status": "fail", "impact": 14, "message": "The article appears weakly related to the requested prompt."}, {"key": "product_fit", "status": "pass", "impact": 0, "message": "The linked product is clearly reflected in the draft."}, {"key": "product_cta", "status": "pass", "impact": 0, "message": "The product link or publish-time CTA gives the reader a next step."}, {"key": "readability", "status": "fail", "impact": 14, "message": "Too many long sentences or oversized paragraphs. Break up the copy."}, {"key": "ai_artifacts", "status": "pass", "impact": 0, "message": "No obvious placeholders, prompt leakage, fences, or repeated title detected."}, {"key": "seo_completeness", "status": "warn", "impact": 10, "message": "The draft is missing useful SEO elements: bullet lists, FAQ/question section."}, {"key": "trust_safety", "status": "pass", "impact": 0, "message": "No obvious risky claims or guarantee language detected."}, {"key": "title_originality", "status": "pass", "impact": 0, "message": "Title looks distinct from recent generated posts."}, {"key": "excerpt_originality", "status": "pass", "impact": 0, "message": "Excerpt is not a close match to recent generated excerpts."}, {"key": "internal_duplication", "status": "pass", "impact": 0, "message": "No strong overlap with recent posts from this store."}]}
2026-06-10 12:01:44 [WARNING] ai_blog_server: Failed to fetch blog handles for store s1: Token fetch for s1.myshopify.com failed (404): <!doctype html>
<html class="no-js" lang="en">
<head>
  <meta charset="UTF-8">
  <title>Create an Ecommerce Website and Sell Online! Ecommerce Software by Shopify</title>
  <meta name="description" co
2026-06-10 12:01:44 [INFO] ai_blog_server: Scoped title selection found nothing for store s1 handle=news: No title-generation model configured.
2026-06-10 12:01:44 [INFO] ai_blog_server: Auto-scoped title selection found nothing for store s1: No title-generation model configured.
2026-06-10 12:01:44 [INFO] ai_blog_server: No keyword-pool entry matched blog scope | store=s1 handle=home-fitness-mobility focus_terms=fitness, mobility
2026-06-10 12:01:44 [WARNING] ai_blog_server: Failed to fetch blog handles for store s1: Token fetch for s1.myshopify.com failed (404): <!doctype html>
<html class="no-js" lang="en">
<head>
  <meta charset="UTF-8">
  <title>Create an Ecommerce Website and Sell Online! Ecommerce Software by Shopify</title>
  <meta name="description" co
2026-06-10 12:01:44 [INFO] ai_blog_server: Published article id=987 title='Guide Title' to store=s1.myshopify.com blog=news
2026-06-10 12:01:44 [INFO] ai_blog_server.quality: {"ts": "2026-06-10T11:01:44Z", "store_id": "s1", "title": "Bad", "score": 0, "verdict": "blocked", "publish_blocked": true, "word_count": 2, "heading_count": 0, "paragraph_count": 1, "image_count": 0, "duplicate_similarity": 0.0, "duplicate_title": "", "checks": [{"key": "title_length", "status": "fail", "impact": 12, "message": "3 characters. Too short or too long for a strong search title."}, {"key": "summary_length", "status": "fail", "impact": 8, "message": "10 characters. Too thin or too long to work well as an excerpt."}, {"key": "word_count", "status": "fail", "impact": 22, "message": "2 words. Too short for a strong SEO post."}, {"key": "headings", "status": "fail", "impact": 16, "message": "No section headings found. The post needs structure."}, {"key": "paragraphs", "status": "fail", "impact": 12, "message": "Only 1 paragraph blocks found. The draft is too compressed."}, {"key": "images", "status": "warn", "impact": 5, "message": "No image is attached. The post can still publish, but it is weaker for CTR."}, {"key": "cta", "status": "warn", "impact": 10, "message": "No clear shopping CTA detected. Add a line that drives the reader to the store."}, {"key": "filler", "status": "pass", "impact": 0, "message": "No common filler phrases detected."}, {"key": "keyword_coverage", "status": "warn", "impact": 4, "message": "No SEO keywords were provided with this draft."}, {"key": "prompt_relevance", "status": "fail", "impact": 14, "message": "The article appears weakly related to the requested prompt."}, {"key": "readability", "status": "pass", "impact": 0, "message": "Sentence and paragraph lengths look readable."}, {"key": "ai_artifacts", "status": "pass", "impact": 0, "message": "No obvious placeholders, prompt leakage, fences, or repeated title detected."}, {"key": "seo_completeness", "status": "warn", "impact": 10, "message": "The draft is missing useful SEO elements: bullet lists, FAQ/question section."}, {"key": "trust_safety", "status": "pass", "impact": 0, "message": "No obvious risky claims or guarantee language detected."}, {"key": "title_originality", "status": "pass", "impact": 0, "message": "Title looks distinct from recent generated posts."}, {"key": "excerpt_originality", "status": "pass", "impact": 0, "message": "Excerpt is not a close match to recent generated excerpts."}, {"key": "internal_duplication", "status": "pass", "impact": 0, "message": "No strong overlap with recent posts from this store."}]}
2026-06-10 12:01:44 [INFO] ai_blog_server: Publish blocked by local quality checks | store=s1 score=0
2026-06-10 12:01:44 [WARNING] ai_blog_server: Failed to fetch blog handles for store s1: Token fetch for s1.myshopify.com failed (404): <!doctype html>
<html class="no-js" lang="en">
<head>
  <meta charset="UTF-8">
  <title>Create an Ecommerce Website and Sell Online! Ecommerce Software by Shopify</title>
  <meta name="description" co
2026-06-10 12:01:45 [WARNING] ai_blog_server: Failed to fetch blog handles for store pub-s1: Token fetch for pub-s1.myshopify.com failed (404): <!doctype html>
<html class="no-js" lang="en">
<head>
  <meta charset="UTF-8">
  <title>Create an Ecommerce Website and Sell Online! Ecommerce Software by Shopify</title>
  <meta name="description" co
2026-06-10 12:01:45 [INFO] ai_blog_server: Scoped title selection found nothing for store pub-s1 handle=news: No title-generation model configured.
2026-06-10 12:01:45 [INFO] ai_blog_server.quality: {"ts": "2026-06-10T11:01:45Z", "store_id": "pub-s1", "title": "How To Choose The Best Everyday Product For Your Needs", "score": 37, "verdict": "blocked", "publish_blocked": true, "word_count": 1590, "heading_count": 4, "paragraph_count": 9, "image_count": 0, "duplicate_similarity": 0.0, "duplicate_title": "", "checks": [{"key": "title_length", "status": "pass", "impact": 0, "message": "54 characters. Good search-result length."}, {"key": "summary_length", "status": "pass", "impact": 0, "message": "146 characters. Good excerpt/meta length."}, {"key": "word_count", "status": "pass", "impact": 0, "message": "1590 words. Strong depth for an SEO article."}, {"key": "headings", "status": "pass", "impact": 0, "message": "4 section headings found."}, {"key": "paragraphs", "status": "pass", "impact": 0, "message": "9 paragraph blocks found."}, {"key": "images", "status": "warn", "impact": 5, "message": "No image is attached. The post can still publish, but it is weaker for CTR."}, {"key": "cta", "status": "pass", "impact": 0, "message": "A store-facing CTA is present or will be auto-added on publish."}, {"key": "filler", "status": "pass", "impact": 0, "message": "No common filler phrases detected."}, {"key": "keyword_coverage", "status": "fail", "impact": 12, "message": "Generated SEO keywords are not reflected in the article body."}, {"key": "keyword_stuffing", "status": "pass", "impact": 0, "message": "No obvious keyword overuse detected."}, {"key": "prompt_relevance", "status": "fail", "impact": 14, "message": "The article appears weakly related to the requested prompt."}, {"key": "readability", "status": "fail", "impact": 14, "message": "Too many long sentences or oversized paragraphs. Break up the copy."}, {"key": "ai_artifacts", "status": "pass", "impact": 0, "message": "No obvious placeholders, prompt leakage, fences, or repeated title detected."}, {"key": "seo_completeness", "status": "warn", "impact": 10, "message": "The draft is missing useful SEO elements: bullet lists, FAQ/question section."}, {"key": "trust_safety", "status": "warn", "impact": 8, "message": "Absolute claims detected: the best. Use more careful wording."}, {"key": "title_originality", "status": "pass", "impact": 0, "message": "Title looks distinct from recent generated posts."}, {"key": "excerpt_originality", "status": "pass", "impact": 0, "message": "Excerpt is not a close match to recent generated excerpts."}, {"key": "internal_duplication", "status": "pass", "impact": 0, "message": "No strong overlap with recent posts from this store."}]}
2026-06-10 12:01:45 [WARNING] ai_blog_server: Pipeline blocked by quality checks | store=pub-s1 title='How To Choose The Best Everyday Product For Your Needs' score=37 duplicate=''
2026-06-10 12:01:45 [WARNING] ai_blog_server: Failed to fetch blog handles for store pub-fail: Token fetch for pub-fail.myshopify.com failed (404): <!doctype html>
<html class="no-js" lang="en">
<head>
  <meta charset="UTF-8">
  <title>Create an Ecommerce Website and Sell Online! Ecommerce Software by Shopify</title>
  <meta name="description" co
2026-06-10 12:01:45 [INFO] ai_blog_server: Scoped title selection found nothing for store pub-fail handle=news: No title-generation model configured.
2026-06-10 12:01:46 [WARNING] ai_blog_server: Failed to fetch blog handles for store pub-quality: Token fetch for pub-quality.myshopify.com failed (404): <!doctype html>
<html class="no-js" lang="en">
<head>
  <meta charset="UTF-8">
  <title>Create an Ecommerce Website and Sell Online! Ecommerce Software by Shopify</title>
  <meta name="description" co
2026-06-10 12:01:46 [INFO] ai_blog_server: Scoped title selection found nothing for store pub-quality handle=news: No title-generation model configured.
2026-06-10 12:01:46 [INFO] ai_blog_server.quality: {"ts": "2026-06-10T11:01:46Z", "store_id": "pub-quality", "title": "Bad", "score": 0, "verdict": "blocked", "publish_blocked": true, "word_count": 2, "heading_count": 0, "paragraph_count": 1, "image_count": 0, "duplicate_similarity": 0.0, "duplicate_title": "", "checks": [{"key": "title_length", "status": "fail", "impact": 12, "message": "3 characters. Too short or too long for a strong search title."}, {"key": "summary_length", "status": "fail", "impact": 8, "message": "10 characters. Too thin or too long to work well as an excerpt."}, {"key": "word_count", "status": "fail", "impact": 22, "message": "2 words. Too short for a strong SEO post."}, {"key": "headings", "status": "fail", "impact": 16, "message": "No section headings found. The post needs structure."}, {"key": "paragraphs", "status": "fail", "impact": 12, "message": "Only 1 paragraph blocks found. The draft is too compressed."}, {"key": "images", "status": "warn", "impact": 5, "message": "No image is attached. The post can still publish, but it is weaker for CTR."}, {"key": "cta", "status": "warn", "impact": 10, "message": "No clear shopping CTA detected. Add a line that drives the reader to the store."}, {"key": "filler", "status": "pass", "impact": 0, "message": "No common filler phrases detected."}, {"key": "keyword_coverage", "status": "warn", "impact": 4, "message": "No SEO keywords were provided with this draft."}, {"key": "prompt_relevance", "status": "fail", "impact": 14, "message": "The article appears weakly related to the requested prompt."}, {"key": "readability", "status": "pass", "impact": 0, "message": "Sentence and paragraph lengths look readable."}, {"key": "ai_artifacts", "status": "pass", "impact": 0, "message": "No obvious placeholders, prompt leakage, fences, or repeated title detected."}, {"key": "seo_completeness", "status": "warn", "impact": 10, "message": "The draft is missing useful SEO elements: bullet lists, FAQ/question section."}, {"key": "trust_safety", "status": "pass", "impact": 0, "message": "No obvious risky claims or guarantee language detected."}, {"key": "title_originality", "status": "pass", "impact": 0, "message": "Title looks distinct from recent generated posts."}, {"key": "excerpt_originality", "status": "pass", "impact": 0, "message": "Excerpt is not a close match to recent generated excerpts."}, {"key": "internal_duplication", "status": "pass", "impact": 0, "message": "No strong overlap with recent posts from this store."}]}
2026-06-10 12:01:46 [WARNING] ai_blog_server: Pipeline blocked by quality checks | store=pub-quality title='Bad' score=0 duplicate=''
2026-06-10 12:01:46 [INFO] ai_blog_server: Published article id=987 title='Guide Title' to store=s1.myshopify.com blog=news
2026-06-10 12:01:46 [WARNING] ai_blog_server: delete_article: article 222 moved or was scanned under stale blog id 111; retrying with blog 999
2026-06-10 12:02:37 [INFO] ai_blog_server.scheduler: Running job 'Blank Handle Auto Route Job' (store=sched-blank-auto-store)
2026-06-10 12:02:37 [INFO] ai_blog_server.scheduler: Job 'Blank Handle Auto Route Job': auto-routed pooled title 'Best Home Mobility Routine for Beginners' to blog handle 'home-fitness-mobility'
2026-06-10 12:02:37 [INFO] ai_blog_server.scheduler: Job 'Blank Handle Auto Route Job' completed | title='Done' article_id=1
2026-06-10 12:02:37 [INFO] ai_blog_server.scheduler: Running job 'Auto Route Job' (store=sched-auto-store)
2026-06-10 12:02:37 [INFO] ai_blog_server.scheduler: Job 'Auto Route Job': auto-routed pooled title 'Best Home Mobility Routine for Beginners' to blog handle 'home-fitness-mobility'
2026-06-10 12:02:37 [INFO] ai_blog_server.scheduler: Job 'Auto Route Job' completed | title='Done' article_id=1
2026-06-10 12:02:37 [INFO] ai_blog_server.scheduler: Running job 'Product Auto Route Job' (store=sched-product-auto-store)
2026-06-10 12:02:37 [WARNING] ai_blog_server: Failed to fetch blog handles for store sched-product-auto-store: Token fetch for sched-product-auto-store.myshopify.com failed (404): <!doctype html>
<html class="no-js" lang="en">
<head>
  <meta charset="UTF-8">
  <title>Create an Ecommerce Website and Sell Online! Ecommerce Software by Shopify</title>
  <meta name="description" co
2026-06-10 12:02:37 [WARNING] ai_blog_server.scheduler: Job 'Product Auto Route Job': is_product_blog=1 but no products found — running as normal blog
2026-06-10 12:02:37 [INFO] ai_blog_server.scheduler: Job 'Product Auto Route Job' completed | title='Done' article_id=1
2026-06-10 12:02:37 [INFO] ai_blog_server: Admin password set for the first time from 127.0.0.1
2026-06-10 12:02:38 [WARNING] ai_blog_server: Failed admin login from 127.0.0.1
2026-06-10 12:02:38 [INFO] ai_blog_server: Password set for store 'Store One Updated' from 127.0.0.1
2026-06-10 12:02:38 [INFO] ai_blog_server.quality: {"ts": "2026-06-10T11:02:38Z", "store_id": "s1", "title": "Low Quality Store Post", "score": 1, "verdict": "blocked", "publish_blocked": true, "word_count": 2, "heading_count": 0, "paragraph_count": 1, "image_count": 0, "duplicate_similarity": 0.0, "duplicate_title": "", "checks": [{"key": "title_length", "status": "fail", "impact": 12, "message": "22 characters. Too short or too long for a strong search title."}, {"key": "summary_length", "status": "fail", "impact": 8, "message": "10 characters. Too thin or too long to work well as an excerpt."}, {"key": "word_count", "status": "fail", "impact": 22, "message": "2 words. Too short for a strong SEO post."}, {"key": "headings", "status": "fail", "impact": 16, "message": "No section headings found. The post needs structure."}, {"key": "paragraphs", "status": "fail", "impact": 12, "message": "Only 1 paragraph blocks found. The draft is too compressed."}, {"key": "images", "status": "warn", "impact": 5, "message": "No image is attached. The post can still publish, but it is weaker for CTR."}, {"key": "cta", "status": "warn", "impact": 10, "message": "No clear shopping CTA detected. Add a line that drives the reader to the store."}, {"key": "filler", "status": "pass", "impact": 0, "message": "No common filler phrases detected."}, {"key": "keyword_coverage", "status": "warn", "impact": 4, "message": "No SEO keywords were provided with this draft."}, {"key": "prompt_relevance", "status": "pass", "impact": 0, "message": "No source prompt context was available for relevance scoring."}, {"key": "readability", "status": "pass", "impact": 0, "message": "Sentence and paragraph lengths look readable."}, {"key": "ai_artifacts", "status": "pass", "impact": 0, "message": "No obvious placeholders, prompt leakage, fences, or repeated title detected."}, {"key": "seo_completeness", "status": "warn", "impact": 10, "message": "The draft is missing useful SEO elements: bullet lists, FAQ/question section."}, {"key": "trust_safety", "status": "pass", "impact": 0, "message": "No obvious risky claims or guarantee language detected."}, {"key": "title_originality", "status": "pass", "impact": 0, "message": "Title looks distinct from recent generated posts."}, {"key": "excerpt_originality", "status": "pass", "impact": 0, "message": "Excerpt is not a close match to recent generated excerpts."}, {"key": "internal_duplication", "status": "pass", "impact": 0, "message": "No strong overlap with recent posts from this store."}]}
2026-06-10 12:02:38 [WARNING] ai_blog_server: Failed to fetch blog handles for store s1: Token fetch for s1.myshopify.com failed (404): <!doctype html>
<html class="no-js" lang="en">
<head>
  <meta charset="UTF-8">
  <title>Create an Ecommerce Website and Sell Online! Ecommerce Software by Shopify</title>
  <meta name="description" co
2026-06-10 12:02:39 [WARNING] ai_blog_server: Failed to fetch blog handles for store s1: Token fetch for s1.myshopify.com failed (404): <!doctype html>
<html class="no-js" lang="en">
<head>
  <meta charset="UTF-8">
  <title>Create an Ecommerce Website and Sell Online! Ecommerce Software by Shopify</title>
  <meta name="description" co
2026-06-10 12:02:39 [WARNING] ai_blog_server: Failed to fetch blog handles for store s1: Token fetch for s1.myshopify.com failed (404): <!doctype html>
<html class="no-js" lang="en">
<head>
  <meta charset="UTF-8">
  <title>Create an Ecommerce Website and Sell Online! Ecommerce Software by Shopify</title>
  <meta name="description" co
2026-06-10 12:02:39 [WARNING] ai_blog_server: Failed to fetch blog handles for store s1: Token fetch for s1.myshopify.com failed (404): <!doctype html>
<html class="no-js" lang="en">
<head>
  <meta charset="UTF-8">
  <title>Create an Ecommerce Website and Sell Online! Ecommerce Software by Shopify</title>
  <meta name="description" co
2026-06-10 12:02:39 [INFO] ai_blog_server: Generating blog | store=s1 prompt_id=custom
2026-06-10 12:02:39 [INFO] ai_blog_server: Scoped title selection found nothing for store s1 handle=news: No title-generation model configured.
2026-06-10 12:02:39 [INFO] ai_blog_server: No keyword-pool entry matched blog scope | store=s1 handle=news focus_terms=sleep, advice
2026-06-10 12:02:39 [INFO] ai_blog_server.quality: {"ts": "2026-06-10T11:02:39Z", "store_id": "s1", "title": "How To Build Better Sleep Habits", "score": 0, "verdict": "blocked", "publish_blocked": true, "word_count": 480, "heading_count": 0, "paragraph_count": 1, "image_count": 0, "duplicate_similarity": 0.0, "duplicate_title": "", "checks": [{"key": "title_length", "status": "fail", "impact": 12, "message": "32 characters. Too short or too long for a strong search title."}, {"key": "summary_length", "status": "fail", "impact": 8, "message": "33 characters. Too thin or too long to work well as an excerpt."}, {"key": "word_count", "status": "warn", "impact": 10, "message": "480 words. Publishable, but thin for a competitive SEO topic."}, {"key": "headings", "status": "fail", "impact": 16, "message": "No section headings found. The post needs structure."}, {"key": "paragraphs", "status": "fail", "impact": 12, "message": "Only 1 paragraph blocks found. The draft is too compressed."}, {"key": "images", "status": "warn", "impact": 5, "message": "No image is attached. The post can still publish, but it is weaker for CTR."}, {"key": "cta", "status": "warn", "impact": 10, "message": "No clear shopping CTA detected. Add a line that drives the reader to the store."}, {"key": "filler", "status": "pass", "impact": 0, "message": "No common filler phrases detected."}, {"key": "keyword_coverage", "status": "fail", "impact": 12, "message": "Generated SEO keywords are not reflected in the article body."}, {"key": "keyword_stuffing", "status": "pass", "impact": 0, "message": "No obvious keyword overuse detected."}, {"key": "prompt_relevance", "status": "fail", "impact": 14, "message": "The article appears weakly related to the requested prompt."}, {"key": "readability", "status": "fail", "impact": 14, "message": "Too many long sentences or oversized paragraphs. Break up the copy."}, {"key": "ai_artifacts", "status": "pass", "impact": 0, "message": "No obvious placeholders, prompt leakage, fences, or repeated title detected."}, {"key": "seo_completeness", "status": "warn", "impact": 10, "message": "The draft is missing useful SEO elements: bullet lists, FAQ/question section."}, {"key": "trust_safety", "status": "pass", "impact": 0, "message": "No obvious risky claims or guarantee language detected."}, {"key": "title_originality", "status": "pass", "impact": 0, "message": "Title looks distinct from recent generated posts."}, {"key": "excerpt_originality", "status": "pass", "impact": 0, "message": "Excerpt is not a close match to recent generated excerpts."}, {"key": "internal_duplication", "status": "pass", "impact": 0, "message": "No strong overlap with recent posts from this store."}]}
2026-06-10 12:02:39 [INFO] ai_blog_server: Generating blog | store=s1 prompt_id=custom
2026-06-10 12:02:39 [INFO] ai_blog_server: Using pooled blog title 'Best Home Mobility Routine for Beginners' for store s1
2026-06-10 12:02:39 [INFO] ai_blog_server.quality: {"ts": "2026-06-10T11:02:39Z", "store_id": "s1", "title": "Best Home Mobility Routine for Beginners", "score": 0, "verdict": "blocked", "publish_blocked": true, "word_count": 480, "heading_count": 0, "paragraph_count": 1, "image_count": 0, "duplicate_similarity": 0.0, "duplicate_title": "", "checks": [{"key": "title_length", "status": "warn", "impact": 6, "message": "40 characters. Aim for roughly 45–65 for cleaner search snippets."}, {"key": "summary_length", "status": "fail", "impact": 8, "message": "30 characters. Too thin or too long to work well as an excerpt."}, {"key": "word_count", "status": "warn", "impact": 10, "message": "480 words. Publishable, but thin for a competitive SEO topic."}, {"key": "headings", "status": "fail", "impact": 16, "message": "No section headings found. The post needs structure."}, {"key": "paragraphs", "status": "fail", "impact": 12, "message": "Only 1 paragraph blocks found. The draft is too compressed."}, {"key": "images", "status": "warn", "impact": 5, "message": "No image is attached. The post can still publish, but it is weaker for CTR."}, {"key": "cta", "status": "warn", "impact": 10, "message": "No clear shopping CTA detected. Add a line that drives the reader to the store."}, {"key": "filler", "status": "pass", "impact": 0, "message": "No common filler phrases detected."}, {"key": "keyword_coverage", "status": "pass", "impact": 0, "message": "1/1 SEO keywords appear in useful places."}, {"key": "keyword_stuffing", "status": "warn", "impact": 7, "message": "Potential overuse detected: mobility."}, {"key": "prompt_relevance", "status": "pass", "impact": 0, "message": "Covers 6/12 important prompt terms."}, {"key": "readability", "status": "fail", "impact": 14, "message": "Too many long sentences or oversized paragraphs. Break up the copy."}, {"key": "ai_artifacts", "status": "pass", "impact": 0, "message": "No obvious placeholders, prompt leakage, fences, or repeated title detected."}, {"key": "seo_completeness", "status": "warn", "impact": 10, "message": "The draft is missing useful SEO elements: bullet lists, FAQ/question section."}, {"key": "trust_safety", "status": "pass", "impact": 0, "message": "No obvious risky claims or guarantee language detected."}, {"key": "title_originality", "status": "fail", "impact": 16, "message": "This title is almost the same as a previous post, \"Best Home Mobility Routine for Beginners\"."}, {"key": "excerpt_originality", "status": "warn", "impact": 8, "message": "The excerpt is very similar to a recent generated excerpt. Make it more specific."}, {"key": "internal_duplication", "status": "pass", "impact": 0, "message": "No strong overlap with recent posts from this store."}]}
2026-06-10 12:02:39 [INFO] ai_blog_server: Generating blog | store=s1 prompt_id=custom
2026-06-10 12:02:39 [INFO] ai_blog_server: Scoped title selection found nothing for store s1 handle=home-fitness-mobility: No title-generation model configured.
2026-06-10 12:02:39 [INFO] ai_blog_server: Using pooled keyword 'home mobility exercises for beginners' for store s1
2026-06-10 12:02:39 [INFO] ai_blog_server.quality: {"ts": "2026-06-10T11:02:39Z", "store_id": "s1", "title": "How To Improve Home Mobility", "score": 0, "verdict": "blocked", "publish_blocked": true, "word_count": 480, "heading_count": 0, "paragraph_count": 1, "image_count": 0, "duplicate_similarity": 0.0, "duplicate_title": "", "checks": [{"key": "title_length", "status": "fail", "impact": 12, "message": "28 characters. Too short or too long for a strong search title."}, {"key": "summary_length", "status": "fail", "impact": 8, "message": "30 characters. Too thin or too long to work well as an excerpt."}, {"key": "word_count", "status": "warn", "impact": 10, "message": "480 words. Publishable, but thin for a competitive SEO topic."}, {"key": "headings", "status": "fail", "impact": 16, "message": "No section headings found. The post needs structure."}, {"key": "paragraphs", "status": "fail", "impact": 12, "message": "Only 1 paragraph blocks found. The draft is too compressed."}, {"key": "images", "status": "warn", "impact": 5, "message": "No image is attached. The post can still publish, but it is weaker for CTR."}, {"key": "cta", "status": "warn", "impact": 10, "message": "No clear shopping CTA detected. Add a line that drives the reader to the store."}, {"key": "filler", "status": "pass", "impact": 0, "message": "No common filler phrases detected."}, {"key": "keyword_coverage", "status": "pass", "impact": 0, "message": "1/1 SEO keywords appear in useful places."}, {"key": "keyword_stuffing", "status": "warn", "impact": 7, "message": "Potential overuse detected: mobility."}, {"key": "prompt_relevance", "status": "warn", "impact": 8, "message": "The article only partially reflects the source prompt. Tighten the angle."}, {"key": "readability", "status": "fail", "impact": 14, "message": "Too many long sentences or oversized paragraphs. Break up the copy."}, {"key": "ai_artifacts", "status": "pass", "impact": 0, "message": "No obvious placeholders, prompt leakage, fences, or repeated title detected."}, {"key": "seo_completeness", "status": "warn", "impact": 10, "message": "The draft is missing useful SEO elements: bullet lists, FAQ/question section."}, {"key": "trust_safety", "status": "pass", "impact": 0, "message": "No obvious risky claims or guarantee language detected."}, {"key": "title_originality", "status": "pass", "impact": 0, "message": "Title looks distinct from recent generated posts."}, {"key": "excerpt_originality", "status": "warn", "impact": 8, "message": "The excerpt is very similar to a recent generated excerpt. Make it more specific."}, {"key": "internal_duplication", "status": "pass", "impact": 0, "message": "No strong overlap with recent posts from this store."}]}
2026-06-10 12:02:39 [WARNING] ai_blog_server: Failed to fetch blog handles for store s1: Token fetch for s1.myshopify.com failed (404): <!doctype html>
<html class="no-js" lang="en">
<head>
  <meta charset="UTF-8">
  <title>Create an Ecommerce Website and Sell Online! Ecommerce Software by Shopify</title>
  <meta name="description" co
2026-06-10 12:02:39 [INFO] ai_blog_server: Generating blog | store=s1 prompt_id=custom
2026-06-10 12:02:39 [INFO] ai_blog_server: Using pooled blog title 'Best Biohacking Sleep Routine at Home for Beginners' for store s1
2026-06-10 12:02:39 [INFO] ai_blog_server.quality: {"ts": "2026-06-10T11:02:39Z", "store_id": "s1", "title": "How To Choose The Best Everyday Product For Your Needs", "score": 37, "verdict": "blocked", "publish_blocked": true, "word_count": 1578, "heading_count": 3, "paragraph_count": 7, "image_count": 0, "duplicate_similarity": 0.0, "duplicate_title": "", "checks": [{"key": "title_length", "status": "pass", "impact": 0, "message": "54 characters. Good search-result length."}, {"key": "summary_length", "status": "pass", "impact": 0, "message": "146 characters. Good excerpt/meta length."}, {"key": "word_count", "status": "pass", "impact": 0, "message": "1578 words. Strong depth for an SEO article."}, {"key": "headings", "status": "pass", "impact": 0, "message": "3 section headings found."}, {"key": "paragraphs", "status": "pass", "impact": 0, "message": "7 paragraph blocks found."}, {"key": "images", "status": "warn", "impact": 5, "message": "No image is attached. The post can still publish, but it is weaker for CTR."}, {"key": "cta", "status": "pass", "impact": 0, "message": "A store-facing CTA is present or will be auto-added on publish."}, {"key": "filler", "status": "pass", "impact": 0, "message": "No common filler phrases detected."}, {"key": "keyword_coverage", "status": "fail", "impact": 12, "message": "Generated SEO keywords are not reflected in the article body."}, {"key": "keyword_stuffing", "status": "pass", "impact": 0, "message": "No obvious keyword overuse detected."}, {"key": "prompt_relevance", "status": "fail", "impact": 14, "message": "The article appears weakly related to the requested prompt."}, {"key": "readability", "status": "fail", "impact": 14, "message": "Too many long sentences or oversized paragraphs. Break up the copy."}, {"key": "ai_artifacts", "status": "pass", "impact": 0, "message": "No obvious placeholders, prompt leakage, fences, or repeated title detected."}, {"key": "seo_completeness", "status": "warn", "impact": 10, "message": "The draft is missing useful SEO elements: bullet lists, FAQ/question section."}, {"key": "trust_safety", "status": "warn", "impact": 8, "message": "Absolute claims detected: the best. Use more careful wording."}, {"key": "title_originality", "status": "pass", "impact": 0, "message": "Title looks distinct from recent generated posts."}, {"key": "excerpt_originality", "status": "pass", "impact": 0, "message": "Excerpt is not a close match to recent generated excerpts."}, {"key": "internal_duplication", "status": "pass", "impact": 0, "message": "No strong overlap with recent posts from this store."}]}
2026-06-10 12:02:40 [WARNING] ai_blog_server: Failed to fetch blog handles for store s1: Token fetch for s1.myshopify.com failed (404): <!doctype html>
<html class="no-js" lang="en">
<head>
  <meta charset="UTF-8">
  <title>Create an Ecommerce Website and Sell Online! Ecommerce Software by Shopify</title>
  <meta name="description" co
2026-06-10 12:02:40 [INFO] ai_blog_server: Generating blog | store=s1 prompt_id=custom
2026-06-10 12:02:40 [INFO] ai_blog_server: Product selected | url=https://s1.myshopify.com/products/stone-mug handle=stone-mug
2026-06-10 12:02:40 [INFO] ai_blog_server: Product image CDN URL: https://cdn.shopify.com/product-main.png
2026-06-10 12:02:40 [INFO] ai_blog_server.quality: {"ts": "2026-06-10T11:02:40Z", "store_id": "s1", "title": "Stone Mug Gift Guide", "score": 0, "verdict": "blocked", "publish_blocked": true, "word_count": 360, "heading_count": 0, "paragraph_count": 1, "image_count": 4, "duplicate_similarity": 0.0, "duplicate_title": "", "checks": [{"key": "title_length", "status": "fail", "impact": 12, "message": "20 characters. Too short or too long for a strong search title."}, {"key": "summary_length", "status": "fail", "impact": 8, "message": "33 characters. Too thin or too long to work well as an excerpt."}, {"key": "word_count", "status": "fail", "impact": 22, "message": "360 words. Too short for a strong SEO post."}, {"key": "headings", "status": "fail", "impact": 16, "message": "No section headings found. The post needs structure."}, {"key": "paragraphs", "status": "fail", "impact": 12, "message": "Only 1 paragraph blocks found. The draft is too compressed."}, {"key": "images", "status": "pass", "impact": 0, "message": "4 images ready for publish."}, {"key": "cta", "status": "pass", "impact": 0, "message": "A store-facing CTA is present or will be auto-added on publish."}, {"key": "filler", "status": "pass", "impact": 0, "message": "No common filler phrases detected."}, {"key": "keyword_coverage", "status": "fail", "impact": 12, "message": "Generated SEO keywords are not reflected in the article body."}, {"key": "keyword_stuffing", "status": "pass", "impact": 0, "message": "No obvious keyword overuse detected."}, {"key": "prompt_relevance", "status": "fail", "impact": 14, "message": "The article appears weakly related to the requested prompt."}, {"key": "product_fit", "status": "pass", "impact": 0, "message": "The linked product is clearly reflected in the draft."}, {"key": "product_cta", "status": "pass", "impact": 0, "message": "The product link or publish-time CTA gives the reader a next step."}, {"key": "readability", "status": "fail", "impact": 14, "message": "Too many long sentences or oversized paragraphs. Break up the copy."}, {"key": "ai_artifacts", "status": "pass", "impact": 0, "message": "No obvious placeholders, prompt leakage, fences, or repeated title detected."}, {"key": "seo_completeness", "status": "warn", "impact": 10, "message": "The draft is missing useful SEO elements: bullet lists, FAQ/question section."}, {"key": "trust_safety", "status": "pass", "impact": 0, "message": "No obvious risky claims or guarantee language detected."}, {"key": "title_originality", "status": "pass", "impact": 0, "message": "Title looks distinct from recent generated posts."}, {"key": "excerpt_originality", "status": "pass", "impact": 0, "message": "Excerpt is not a close match to recent generated excerpts."}, {"key": "internal_duplication", "status": "pass", "impact": 0, "message": "No strong overlap with recent posts from this store."}]}
2026-06-10 12:02:40 [WARNING] ai_blog_server: Failed to fetch blog handles for store s1: Token fetch for s1.myshopify.com failed (404): <!doctype html>
<html class="no-js" lang="en">
<head>
  <meta charset="UTF-8">
  <title>Create an Ecommerce Website and Sell Online! Ecommerce Software by Shopify</title>
  <meta name="description" co
2026-06-10 12:02:40 [INFO] ai_blog_server: Scoped title selection found nothing for store s1 handle=news: No title-generation model configured.
2026-06-10 12:02:40 [INFO] ai_blog_server: Auto-scoped title selection found nothing for store s1: No title-generation model configured.
2026-06-10 12:02:40 [INFO] ai_blog_server: No keyword-pool entry matched blog scope | store=s1 handle=home-fitness-mobility focus_terms=fitness, mobility
2026-06-10 12:02:40 [WARNING] ai_blog_server: Failed to fetch blog handles for store s1: Token fetch for s1.myshopify.com failed (404): <!doctype html>
<html class="no-js" lang="en">
<head>
  <meta charset="UTF-8">
  <title>Create an Ecommerce Website and Sell Online! Ecommerce Software by Shopify</title>
  <meta name="description" co
2026-06-10 12:02:40 [INFO] ai_blog_server: Published article id=987 title='Guide Title' to store=s1.myshopify.com blog=news
2026-06-10 12:02:40 [INFO] ai_blog_server.quality: {"ts": "2026-06-10T11:02:40Z", "store_id": "s1", "title": "Bad", "score": 0, "verdict": "blocked", "publish_blocked": true, "word_count": 2, "heading_count": 0, "paragraph_count": 1, "image_count": 0, "duplicate_similarity": 0.0, "duplicate_title": "", "checks": [{"key": "title_length", "status": "fail", "impact": 12, "message": "3 characters. Too short or too long for a strong search title."}, {"key": "summary_length", "status": "fail", "impact": 8, "message": "10 characters. Too thin or too long to work well as an excerpt."}, {"key": "word_count", "status": "fail", "impact": 22, "message": "2 words. Too short for a strong SEO post."}, {"key": "headings", "status": "fail", "impact": 16, "message": "No section headings found. The post needs structure."}, {"key": "paragraphs", "status": "fail", "impact": 12, "message": "Only 1 paragraph blocks found. The draft is too compressed."}, {"key": "images", "status": "warn", "impact": 5, "message": "No image is attached. The post can still publish, but it is weaker for CTR."}, {"key": "cta", "status": "warn", "impact": 10, "message": "No clear shopping CTA detected. Add a line that drives the reader to the store."}, {"key": "filler", "status": "pass", "impact": 0, "message": "No common filler phrases detected."}, {"key": "keyword_coverage", "status": "warn", "impact": 4, "message": "No SEO keywords were provided with this draft."}, {"key": "prompt_relevance", "status": "fail", "impact": 14, "message": "The article appears weakly related to the requested prompt."}, {"key": "readability", "status": "pass", "impact": 0, "message": "Sentence and paragraph lengths look readable."}, {"key": "ai_artifacts", "status": "pass", "impact": 0, "message": "No obvious placeholders, prompt leakage, fences, or repeated title detected."}, {"key": "seo_completeness", "status": "warn", "impact": 10, "message": "The draft is missing useful SEO elements: bullet lists, FAQ/question section."}, {"key": "trust_safety", "status": "pass", "impact": 0, "message": "No obvious risky claims or guarantee language detected."}, {"key": "title_originality", "status": "pass", "impact": 0, "message": "Title looks distinct from recent generated posts."}, {"key": "excerpt_originality", "status": "pass", "impact": 0, "message": "Excerpt is not a close match to recent generated excerpts."}, {"key": "internal_duplication", "status": "pass", "impact": 0, "message": "No strong overlap with recent posts from this store."}]}
2026-06-10 12:02:40 [INFO] ai_blog_server: Publish blocked by local quality checks | store=s1 score=0
2026-06-10 12:02:40 [WARNING] ai_blog_server: Failed to fetch blog handles for store s1: Token fetch for s1.myshopify.com failed (404): <!doctype html>
<html class="no-js" lang="en">
<head>
  <meta charset="UTF-8">
  <title>Create an Ecommerce Website and Sell Online! Ecommerce Software by Shopify</title>
  <meta name="description" co
2026-06-10 12:02:41 [WARNING] ai_blog_server: Failed to fetch blog handles for store pub-s1: Token fetch for pub-s1.myshopify.com failed (404): <!doctype html>
<html class="no-js" lang="en">
<head>
  <meta charset="UTF-8">
  <title>Create an Ecommerce Website and Sell Online! Ecommerce Software by Shopify</title>
  <meta name="description" co
2026-06-10 12:02:41 [INFO] ai_blog_server: Scoped title selection found nothing for store pub-s1 handle=news: No title-generation model configured.
2026-06-10 12:02:41 [INFO] ai_blog_server.quality: {"ts": "2026-06-10T11:02:41Z", "store_id": "pub-s1", "title": "How To Choose The Best Everyday Product For Your Needs", "score": 37, "verdict": "blocked", "publish_blocked": true, "word_count": 1590, "heading_count": 4, "paragraph_count": 9, "image_count": 0, "duplicate_similarity": 0.0, "duplicate_title": "", "checks": [{"key": "title_length", "status": "pass", "impact": 0, "message": "54 characters. Good search-result length."}, {"key": "summary_length", "status": "pass", "impact": 0, "message": "146 characters. Good excerpt/meta length."}, {"key": "word_count", "status": "pass", "impact": 0, "message": "1590 words. Strong depth for an SEO article."}, {"key": "headings", "status": "pass", "impact": 0, "message": "4 section headings found."}, {"key": "paragraphs", "status": "pass", "impact": 0, "message": "9 paragraph blocks found."}, {"key": "images", "status": "warn", "impact": 5, "message": "No image is attached. The post can still publish, but it is weaker for CTR."}, {"key": "cta", "status": "pass", "impact": 0, "message": "A store-facing CTA is present or will be auto-added on publish."}, {"key": "filler", "status": "pass", "impact": 0, "message": "No common filler phrases detected."}, {"key": "keyword_coverage", "status": "fail", "impact": 12, "message": "Generated SEO keywords are not reflected in the article body."}, {"key": "keyword_stuffing", "status": "pass", "impact": 0, "message": "No obvious keyword overuse detected."}, {"key": "prompt_relevance", "status": "fail", "impact": 14, "message": "The article appears weakly related to the requested prompt."}, {"key": "readability", "status": "fail", "impact": 14, "message": "Too many long sentences or oversized paragraphs. Break up the copy."}, {"key": "ai_artifacts", "status": "pass", "impact": 0, "message": "No obvious placeholders, prompt leakage, fences, or repeated title detected."}, {"key": "seo_completeness", "status": "warn", "impact": 10, "message": "The draft is missing useful SEO elements: bullet lists, FAQ/question section."}, {"key": "trust_safety", "status": "warn", "impact": 8, "message": "Absolute claims detected: the best. Use more careful wording."}, {"key": "title_originality", "status": "pass", "impact": 0, "message": "Title looks distinct from recent generated posts."}, {"key": "excerpt_originality", "status": "pass", "impact": 0, "message": "Excerpt is not a close match to recent generated excerpts."}, {"key": "internal_duplication", "status": "pass", "impact": 0, "message": "No strong overlap with recent posts from this store."}]}
2026-06-10 12:02:41 [WARNING] ai_blog_server: Pipeline blocked by quality checks | store=pub-s1 title='How To Choose The Best Everyday Product For Your Needs' score=37 duplicate=''
2026-06-10 12:02:41 [WARNING] ai_blog_server: Failed to fetch blog handles for store pub-fail: Token fetch for pub-fail.myshopify.com failed (404): <!doctype html>
<html class="no-js" lang="en">
<head>
  <meta charset="UTF-8">
  <title>Create an Ecommerce Website and Sell Online! Ecommerce Software by Shopify</title>
  <meta name="description" co
2026-06-10 12:02:41 [INFO] ai_blog_server: Scoped title selection found nothing for store pub-fail handle=news: No title-generation model configured.
2026-06-10 12:02:41 [WARNING] ai_blog_server: Failed to fetch blog handles for store pub-quality: Token fetch for pub-quality.myshopify.com failed (404): <!doctype html>
<html class="no-js" lang="en">
<head>
  <meta charset="UTF-8">
  <title>Create an Ecommerce Website and Sell Online! Ecommerce Software by Shopify</title>
  <meta name="description" co
2026-06-10 12:02:41 [INFO] ai_blog_server: Scoped title selection found nothing for store pub-quality handle=news: No title-generation model configured.
2026-06-10 12:02:41 [INFO] ai_blog_server.quality: {"ts": "2026-06-10T11:02:41Z", "store_id": "pub-quality", "title": "Bad", "score": 0, "verdict": "blocked", "publish_blocked": true, "word_count": 2, "heading_count": 0, "paragraph_count": 1, "image_count": 0, "duplicate_similarity": 0.0, "duplicate_title": "", "checks": [{"key": "title_length", "status": "fail", "impact": 12, "message": "3 characters. Too short or too long for a strong search title."}, {"key": "summary_length", "status": "fail", "impact": 8, "message": "10 characters. Too thin or too long to work well as an excerpt."}, {"key": "word_count", "status": "fail", "impact": 22, "message": "2 words. Too short for a strong SEO post."}, {"key": "headings", "status": "fail", "impact": 16, "message": "No section headings found. The post needs structure."}, {"key": "paragraphs", "status": "fail", "impact": 12, "message": "Only 1 paragraph blocks found. The draft is too compressed."}, {"key": "images", "status": "warn", "impact": 5, "message": "No image is attached. The post can still publish, but it is weaker for CTR."}, {"key": "cta", "status": "warn", "impact": 10, "message": "No clear shopping CTA detected. Add a line that drives the reader to the store."}, {"key": "filler", "status": "pass", "impact": 0, "message": "No common filler phrases detected."}, {"key": "keyword_coverage", "status": "warn", "impact": 4, "message": "No SEO keywords were provided with this draft."}, {"key": "prompt_relevance", "status": "fail", "impact": 14, "message": "The article appears weakly related to the requested prompt."}, {"key": "readability", "status": "pass", "impact": 0, "message": "Sentence and paragraph lengths look readable."}, {"key": "ai_artifacts", "status": "pass", "impact": 0, "message": "No obvious placeholders, prompt leakage, fences, or repeated title detected."}, {"key": "seo_completeness", "status": "warn", "impact": 10, "message": "The draft is missing useful SEO elements: bullet lists, FAQ/question section."}, {"key": "trust_safety", "status": "pass", "impact": 0, "message": "No obvious risky claims or guarantee language detected."}, {"key": "title_originality", "status": "pass", "impact": 0, "message": "Title looks distinct from recent generated posts."}, {"key": "excerpt_originality", "status": "pass", "impact": 0, "message": "Excerpt is not a close match to recent generated excerpts."}, {"key": "internal_duplication", "status": "pass", "impact": 0, "message": "No strong overlap with recent posts from this store."}]}
2026-06-10 12:02:41 [WARNING] ai_blog_server: Pipeline blocked by quality checks | store=pub-quality title='Bad' score=0 duplicate=''
2026-06-10 12:02:41 [INFO] ai_blog_server: Published article id=987 title='Guide Title' to store=s1.myshopify.com blog=news
2026-06-10 12:02:41 [WARNING] ai_blog_server: delete_article: article 222 moved or was scanned under stale blog id 111; retrying with blog 999
2026-06-10 12:21:33 [INFO] ai_blog_server.scheduler: Running job 'Blank Handle Auto Route Job' (store=sched-blank-auto-store)
2026-06-10 12:21:33 [INFO] ai_blog_server.scheduler: Job 'Blank Handle Auto Route Job': auto-routed pooled title 'Best Home Mobility Routine for Beginners' to blog handle 'home-fitness-mobility'
2026-06-10 12:21:33 [INFO] ai_blog_server.scheduler: Job 'Blank Handle Auto Route Job' completed | title='Done' article_id=1
2026-06-10 12:21:33 [INFO] ai_blog_server.scheduler: Running job 'Auto Route Job' (store=sched-auto-store)
2026-06-10 12:21:33 [INFO] ai_blog_server.scheduler: Job 'Auto Route Job': auto-routed pooled title 'Best Home Mobility Routine for Beginners' to blog handle 'home-fitness-mobility'
2026-06-10 12:21:33 [INFO] ai_blog_server.scheduler: Job 'Auto Route Job' completed | title='Done' article_id=1
2026-06-10 12:21:33 [INFO] ai_blog_server.scheduler: Running job 'Product Auto Route Job' (store=sched-product-auto-store)
2026-06-10 12:21:33 [WARNING] ai_blog_server: Failed to fetch blog handles for store sched-product-auto-store: Token fetch for sched-product-auto-store.myshopify.com failed (404): <!doctype html>
<html class="no-js" lang="en">
<head>
  <meta charset="UTF-8">
  <title>Create an Ecommerce Website and Sell Online! Ecommerce Software by Shopify</title>
  <meta name="description" co
2026-06-10 12:21:33 [WARNING] ai_blog_server.scheduler: Job 'Product Auto Route Job': is_product_blog=1 but no products found — running as normal blog
2026-06-10 12:21:33 [INFO] ai_blog_server.scheduler: Job 'Product Auto Route Job' completed | title='Done' article_id=1
2026-06-10 12:21:33 [INFO] ai_blog_server: Admin password set for the first time from 127.0.0.1
2026-06-10 12:21:33 [WARNING] ai_blog_server: Failed admin login from 127.0.0.1
2026-06-10 12:21:34 [INFO] ai_blog_server: Password set for store 'Store One Updated' from 127.0.0.1
2026-06-10 12:21:34 [INFO] ai_blog_server.quality: {"ts": "2026-06-10T11:21:34Z", "store_id": "s1", "title": "Low Quality Store Post", "score": 1, "verdict": "blocked", "publish_blocked": true, "word_count": 2, "heading_count": 0, "paragraph_count": 1, "image_count": 0, "duplicate_similarity": 0.0, "duplicate_title": "", "checks": [{"key": "title_length", "status": "fail", "impact": 12, "message": "22 characters. Too short or too long for a strong search title."}, {"key": "summary_length", "status": "fail", "impact": 8, "message": "10 characters. Too thin or too long to work well as an excerpt."}, {"key": "word_count", "status": "fail", "impact": 22, "message": "2 words. Too short for a strong SEO post."}, {"key": "headings", "status": "fail", "impact": 16, "message": "No section headings found. The post needs structure."}, {"key": "paragraphs", "status": "fail", "impact": 12, "message": "Only 1 paragraph blocks found. The draft is too compressed."}, {"key": "images", "status": "warn", "impact": 5, "message": "No image is attached. The post can still publish, but it is weaker for CTR."}, {"key": "cta", "status": "warn", "impact": 10, "message": "No clear shopping CTA detected. Add a line that drives the reader to the store."}, {"key": "filler", "status": "pass", "impact": 0, "message": "No common filler phrases detected."}, {"key": "keyword_coverage", "status": "warn", "impact": 4, "message": "No SEO keywords were provided with this draft."}, {"key": "prompt_relevance", "status": "pass", "impact": 0, "message": "No source prompt context was available for relevance scoring."}, {"key": "readability", "status": "pass", "impact": 0, "message": "Sentence and paragraph lengths look readable."}, {"key": "ai_artifacts", "status": "pass", "impact": 0, "message": "No obvious placeholders, prompt leakage, fences, or repeated title detected."}, {"key": "seo_completeness", "status": "warn", "impact": 10, "message": "The draft is missing useful SEO elements: bullet lists, FAQ/question section."}, {"key": "trust_safety", "status": "pass", "impact": 0, "message": "No obvious risky claims or guarantee language detected."}, {"key": "title_originality", "status": "pass", "impact": 0, "message": "Title looks distinct from recent generated posts."}, {"key": "excerpt_originality", "status": "pass", "impact": 0, "message": "Excerpt is not a close match to recent generated excerpts."}, {"key": "internal_duplication", "status": "pass", "impact": 0, "message": "No strong overlap with recent posts from this store."}]}
2026-06-10 12:21:34 [WARNING] ai_blog_server: Failed to fetch blog handles for store s1: Token fetch for s1.myshopify.com failed (404): <!doctype html>
<html class="no-js" lang="en">
<head>
  <meta charset="UTF-8">
  <title>Create an Ecommerce Website and Sell Online! Ecommerce Software by Shopify</title>
  <meta name="description" co
2026-06-10 12:21:34 [WARNING] ai_blog_server: Failed to fetch blog handles for store s1: Token fetch for s1.myshopify.com failed (404): <!doctype html>
<html class="no-js" lang="en">
<head>
  <meta charset="UTF-8">
  <title>Create an Ecommerce Website and Sell Online! Ecommerce Software by Shopify</title>
  <meta name="description" co
2026-06-10 12:21:35 [WARNING] ai_blog_server: Failed to fetch blog handles for store s1: Token fetch for s1.myshopify.com failed (404): <!doctype html>
<html class="no-js" lang="en">
<head>
  <meta charset="UTF-8">
  <title>Create an Ecommerce Website and Sell Online! Ecommerce Software by Shopify</title>
  <meta name="description" co
2026-06-10 12:21:35 [WARNING] ai_blog_server: Failed to fetch blog handles for store s1: Token fetch for s1.myshopify.com failed (404): <!doctype html>
<html class="no-js" lang="en">
<head>
  <meta charset="UTF-8">
  <title>Create an Ecommerce Website and Sell Online! Ecommerce Software by Shopify</title>
  <meta name="description" co
2026-06-10 12:21:35 [INFO] ai_blog_server: Generating blog | store=s1 prompt_id=custom
2026-06-10 12:21:35 [INFO] ai_blog_server: Scoped title selection found nothing for store s1 handle=news: No title-generation model configured.
2026-06-10 12:21:35 [INFO] ai_blog_server: No keyword-pool entry matched blog scope | store=s1 handle=news focus_terms=sleep, advice
2026-06-10 12:21:35 [INFO] ai_blog_server.quality: {"ts": "2026-06-10T11:21:35Z", "store_id": "s1", "title": "How To Build Better Sleep Habits", "score": 0, "verdict": "blocked", "publish_blocked": true, "word_count": 480, "heading_count": 0, "paragraph_count": 1, "image_count": 0, "duplicate_similarity": 0.0, "duplicate_title": "", "checks": [{"key": "title_length", "status": "fail", "impact": 12, "message": "32 characters. Too short or too long for a strong search title."}, {"key": "summary_length", "status": "fail", "impact": 8, "message": "33 characters. Too thin or too long to work well as an excerpt."}, {"key": "word_count", "status": "warn", "impact": 10, "message": "480 words. Publishable, but thin for a competitive SEO topic."}, {"key": "headings", "status": "fail", "impact": 16, "message": "No section headings found. The post needs structure."}, {"key": "paragraphs", "status": "fail", "impact": 12, "message": "Only 1 paragraph blocks found. The draft is too compressed."}, {"key": "images", "status": "warn", "impact": 5, "message": "No image is attached. The post can still publish, but it is weaker for CTR."}, {"key": "cta", "status": "warn", "impact": 10, "message": "No clear shopping CTA detected. Add a line that drives the reader to the store."}, {"key": "filler", "status": "pass", "impact": 0, "message": "No common filler phrases detected."}, {"key": "keyword_coverage", "status": "fail", "impact": 12, "message": "Generated SEO keywords are not reflected in the article body."}, {"key": "keyword_stuffing", "status": "pass", "impact": 0, "message": "No obvious keyword overuse detected."}, {"key": "prompt_relevance", "status": "fail", "impact": 14, "message": "The article appears weakly related to the requested prompt."}, {"key": "readability", "status": "fail", "impact": 14, "message": "Too many long sentences or oversized paragraphs. Break up the copy."}, {"key": "ai_artifacts", "status": "pass", "impact": 0, "message": "No obvious placeholders, prompt leakage, fences, or repeated title detected."}, {"key": "seo_completeness", "status": "warn", "impact": 10, "message": "The draft is missing useful SEO elements: bullet lists, FAQ/question section."}, {"key": "trust_safety", "status": "pass", "impact": 0, "message": "No obvious risky claims or guarantee language detected."}, {"key": "title_originality", "status": "pass", "impact": 0, "message": "Title looks distinct from recent generated posts."}, {"key": "excerpt_originality", "status": "pass", "impact": 0, "message": "Excerpt is not a close match to recent generated excerpts."}, {"key": "internal_duplication", "status": "pass", "impact": 0, "message": "No strong overlap with recent posts from this store."}]}
2026-06-10 12:21:35 [INFO] ai_blog_server: Generating blog | store=s1 prompt_id=custom
2026-06-10 12:21:35 [INFO] ai_blog_server: Using pooled blog title 'Best Home Mobility Routine for Beginners' for store s1
2026-06-10 12:21:35 [INFO] ai_blog_server.quality: {"ts": "2026-06-10T11:21:35Z", "store_id": "s1", "title": "Best Home Mobility Routine for Beginners", "score": 0, "verdict": "blocked", "publish_blocked": true, "word_count": 480, "heading_count": 0, "paragraph_count": 1, "image_count": 0, "duplicate_similarity": 0.0, "duplicate_title": "", "checks": [{"key": "title_length", "status": "warn", "impact": 6, "message": "40 characters. Aim for roughly 45–65 for cleaner search snippets."}, {"key": "summary_length", "status": "fail", "impact": 8, "message": "30 characters. Too thin or too long to work well as an excerpt."}, {"key": "word_count", "status": "warn", "impact": 10, "message": "480 words. Publishable, but thin for a competitive SEO topic."}, {"key": "headings", "status": "fail", "impact": 16, "message": "No section headings found. The post needs structure."}, {"key": "paragraphs", "status": "fail", "impact": 12, "message": "Only 1 paragraph blocks found. The draft is too compressed."}, {"key": "images", "status": "warn", "impact": 5, "message": "No image is attached. The post can still publish, but it is weaker for CTR."}, {"key": "cta", "status": "warn", "impact": 10, "message": "No clear shopping CTA detected. Add a line that drives the reader to the store."}, {"key": "filler", "status": "pass", "impact": 0, "message": "No common filler phrases detected."}, {"key": "keyword_coverage", "status": "pass", "impact": 0, "message": "1/1 SEO keywords appear in useful places."}, {"key": "keyword_stuffing", "status": "warn", "impact": 7, "message": "Potential overuse detected: mobility."}, {"key": "prompt_relevance", "status": "pass", "impact": 0, "message": "Covers 6/12 important prompt terms."}, {"key": "readability", "status": "fail", "impact": 14, "message": "Too many long sentences or oversized paragraphs. Break up the copy."}, {"key": "ai_artifacts", "status": "pass", "impact": 0, "message": "No obvious placeholders, prompt leakage, fences, or repeated title detected."}, {"key": "seo_completeness", "status": "warn", "impact": 10, "message": "The draft is missing useful SEO elements: bullet lists, FAQ/question section."}, {"key": "trust_safety", "status": "pass", "impact": 0, "message": "No obvious risky claims or guarantee language detected."}, {"key": "title_originality", "status": "fail", "impact": 16, "message": "This title is almost the same as a previous post, \"Best Home Mobility Routine for Beginners\"."}, {"key": "excerpt_originality", "status": "warn", "impact": 8, "message": "The excerpt is very similar to a recent generated excerpt. Make it more specific."}, {"key": "internal_duplication", "status": "pass", "impact": 0, "message": "No strong overlap with recent posts from this store."}]}
2026-06-10 12:21:35 [INFO] ai_blog_server: Generating blog | store=s1 prompt_id=custom
2026-06-10 12:21:35 [INFO] ai_blog_server: Scoped title selection found nothing for store s1 handle=home-fitness-mobility: No title-generation model configured.
2026-06-10 12:21:35 [INFO] ai_blog_server: Using pooled keyword 'home mobility exercises for beginners' for store s1
2026-06-10 12:21:35 [INFO] ai_blog_server.quality: {"ts": "2026-06-10T11:21:35Z", "store_id": "s1", "title": "How To Improve Home Mobility", "score": 0, "verdict": "blocked", "publish_blocked": true, "word_count": 480, "heading_count": 0, "paragraph_count": 1, "image_count": 0, "duplicate_similarity": 0.0, "duplicate_title": "", "checks": [{"key": "title_length", "status": "fail", "impact": 12, "message": "28 characters. Too short or too long for a strong search title."}, {"key": "summary_length", "status": "fail", "impact": 8, "message": "30 characters. Too thin or too long to work well as an excerpt."}, {"key": "word_count", "status": "warn", "impact": 10, "message": "480 words. Publishable, but thin for a competitive SEO topic."}, {"key": "headings", "status": "fail", "impact": 16, "message": "No section headings found. The post needs structure."}, {"key": "paragraphs", "status": "fail", "impact": 12, "message": "Only 1 paragraph blocks found. The draft is too compressed."}, {"key": "images", "status": "warn", "impact": 5, "message": "No image is attached. The post can still publish, but it is weaker for CTR."}, {"key": "cta", "status": "warn", "impact": 10, "message": "No clear shopping CTA detected. Add a line that drives the reader to the store."}, {"key": "filler", "status": "pass", "impact": 0, "message": "No common filler phrases detected."}, {"key": "keyword_coverage", "status": "pass", "impact": 0, "message": "1/1 SEO keywords appear in useful places."}, {"key": "keyword_stuffing", "status": "warn", "impact": 7, "message": "Potential overuse detected: mobility."}, {"key": "prompt_relevance", "status": "warn", "impact": 8, "message": "The article only partially reflects the source prompt. Tighten the angle."}, {"key": "readability", "status": "fail", "impact": 14, "message": "Too many long sentences or oversized paragraphs. Break up the copy."}, {"key": "ai_artifacts", "status": "pass", "impact": 0, "message": "No obvious placeholders, prompt leakage, fences, or repeated title detected."}, {"key": "seo_completeness", "status": "warn", "impact": 10, "message": "The draft is missing useful SEO elements: bullet lists, FAQ/question section."}, {"key": "trust_safety", "status": "pass", "impact": 0, "message": "No obvious risky claims or guarantee language detected."}, {"key": "title_originality", "status": "pass", "impact": 0, "message": "Title looks distinct from recent generated posts."}, {"key": "excerpt_originality", "status": "warn", "impact": 8, "message": "The excerpt is very similar to a recent generated excerpt. Make it more specific."}, {"key": "internal_duplication", "status": "pass", "impact": 0, "message": "No strong overlap with recent posts from this store."}]}
2026-06-10 12:21:35 [WARNING] ai_blog_server: Failed to fetch blog handles for store s1: Token fetch for s1.myshopify.com failed (404): <!doctype html>
<html class="no-js" lang="en">
<head>
  <meta charset="UTF-8">
  <title>Create an Ecommerce Website and Sell Online! Ecommerce Software by Shopify</title>
  <meta name="description" co
2026-06-10 12:21:35 [INFO] ai_blog_server: Generating blog | store=s1 prompt_id=custom
2026-06-10 12:21:35 [INFO] ai_blog_server: Using pooled blog title 'Best Biohacking Sleep Routine at Home for Beginners' for store s1
2026-06-10 12:21:35 [INFO] ai_blog_server.quality: {"ts": "2026-06-10T11:21:35Z", "store_id": "s1", "title": "How To Choose The Best Everyday Product For Your Needs", "score": 37, "verdict": "blocked", "publish_blocked": true, "word_count": 1578, "heading_count": 3, "paragraph_count": 7, "image_count": 0, "duplicate_similarity": 0.0, "duplicate_title": "", "checks": [{"key": "title_length", "status": "pass", "impact": 0, "message": "54 characters. Good search-result length."}, {"key": "summary_length", "status": "pass", "impact": 0, "message": "146 characters. Good excerpt/meta length."}, {"key": "word_count", "status": "pass", "impact": 0, "message": "1578 words. Strong depth for an SEO article."}, {"key": "headings", "status": "pass", "impact": 0, "message": "3 section headings found."}, {"key": "paragraphs", "status": "pass", "impact": 0, "message": "7 paragraph blocks found."}, {"key": "images", "status": "warn", "impact": 5, "message": "No image is attached. The post can still publish, but it is weaker for CTR."}, {"key": "cta", "status": "pass", "impact": 0, "message": "A store-facing CTA is present or will be auto-added on publish."}, {"key": "filler", "status": "pass", "impact": 0, "message": "No common filler phrases detected."}, {"key": "keyword_coverage", "status": "fail", "impact": 12, "message": "Generated SEO keywords are not reflected in the article body."}, {"key": "keyword_stuffing", "status": "pass", "impact": 0, "message": "No obvious keyword overuse detected."}, {"key": "prompt_relevance", "status": "fail", "impact": 14, "message": "The article appears weakly related to the requested prompt."}, {"key": "readability", "status": "fail", "impact": 14, "message": "Too many long sentences or oversized paragraphs. Break up the copy."}, {"key": "ai_artifacts", "status": "pass", "impact": 0, "message": "No obvious placeholders, prompt leakage, fences, or repeated title detected."}, {"key": "seo_completeness", "status": "warn", "impact": 10, "message": "The draft is missing useful SEO elements: bullet lists, FAQ/question section."}, {"key": "trust_safety", "status": "warn", "impact": 8, "message": "Absolute claims detected: the best. Use more careful wording."}, {"key": "title_originality", "status": "pass", "impact": 0, "message": "Title looks distinct from recent generated posts."}, {"key": "excerpt_originality", "status": "pass", "impact": 0, "message": "Excerpt is not a close match to recent generated excerpts."}, {"key": "internal_duplication", "status": "pass", "impact": 0, "message": "No strong overlap with recent posts from this store."}]}
2026-06-10 12:21:35 [WARNING] ai_blog_server: Failed to fetch blog handles for store s1: Token fetch for s1.myshopify.com failed (404): <!doctype html>
<html class="no-js" lang="en">
<head>
  <meta charset="UTF-8">
  <title>Create an Ecommerce Website and Sell Online! Ecommerce Software by Shopify</title>
  <meta name="description" co
2026-06-10 12:21:35 [INFO] ai_blog_server: Generating blog | store=s1 prompt_id=custom
2026-06-10 12:21:35 [INFO] ai_blog_server: Product selected | url=https://s1.myshopify.com/products/stone-mug handle=stone-mug
2026-06-10 12:21:35 [INFO] ai_blog_server: Product image CDN URL: https://cdn.shopify.com/product-main.png
2026-06-10 12:21:35 [INFO] ai_blog_server.quality: {"ts": "2026-06-10T11:21:35Z", "store_id": "s1", "title": "Stone Mug Gift Guide", "score": 0, "verdict": "blocked", "publish_blocked": true, "word_count": 360, "heading_count": 0, "paragraph_count": 1, "image_count": 4, "duplicate_similarity": 0.0, "duplicate_title": "", "checks": [{"key": "title_length", "status": "fail", "impact": 12, "message": "20 characters. Too short or too long for a strong search title."}, {"key": "summary_length", "status": "fail", "impact": 8, "message": "33 characters. Too thin or too long to work well as an excerpt."}, {"key": "word_count", "status": "fail", "impact": 22, "message": "360 words. Too short for a strong SEO post."}, {"key": "headings", "status": "fail", "impact": 16, "message": "No section headings found. The post needs structure."}, {"key": "paragraphs", "status": "fail", "impact": 12, "message": "Only 1 paragraph blocks found. The draft is too compressed."}, {"key": "images", "status": "pass", "impact": 0, "message": "4 images ready for publish."}, {"key": "cta", "status": "pass", "impact": 0, "message": "A store-facing CTA is present or will be auto-added on publish."}, {"key": "filler", "status": "pass", "impact": 0, "message": "No common filler phrases detected."}, {"key": "keyword_coverage", "status": "fail", "impact": 12, "message": "Generated SEO keywords are not reflected in the article body."}, {"key": "keyword_stuffing", "status": "pass", "impact": 0, "message": "No obvious keyword overuse detected."}, {"key": "prompt_relevance", "status": "fail", "impact": 14, "message": "The article appears weakly related to the requested prompt."}, {"key": "product_fit", "status": "pass", "impact": 0, "message": "The linked product is clearly reflected in the draft."}, {"key": "product_cta", "status": "pass", "impact": 0, "message": "The product link or publish-time CTA gives the reader a next step."}, {"key": "readability", "status": "fail", "impact": 14, "message": "Too many long sentences or oversized paragraphs. Break up the copy."}, {"key": "ai_artifacts", "status": "pass", "impact": 0, "message": "No obvious placeholders, prompt leakage, fences, or repeated title detected."}, {"key": "seo_completeness", "status": "warn", "impact": 10, "message": "The draft is missing useful SEO elements: bullet lists, FAQ/question section."}, {"key": "trust_safety", "status": "pass", "impact": 0, "message": "No obvious risky claims or guarantee language detected."}, {"key": "title_originality", "status": "pass", "impact": 0, "message": "Title looks distinct from recent generated posts."}, {"key": "excerpt_originality", "status": "pass", "impact": 0, "message": "Excerpt is not a close match to recent generated excerpts."}, {"key": "internal_duplication", "status": "pass", "impact": 0, "message": "No strong overlap with recent posts from this store."}]}
2026-06-10 12:21:36 [WARNING] ai_blog_server: Failed to fetch blog handles for store s1: Token fetch for s1.myshopify.com failed (404): <!doctype html>
<html class="no-js" lang="en">
<head>
  <meta charset="UTF-8">
  <title>Create an Ecommerce Website and Sell Online! Ecommerce Software by Shopify</title>
  <meta name="description" co
2026-06-10 12:21:36 [INFO] ai_blog_server: Scoped title selection found nothing for store s1 handle=news: No title-generation model configured.
2026-06-10 12:21:36 [INFO] ai_blog_server: Auto-scoped title selection found nothing for store s1: No title-generation model configured.
2026-06-10 12:21:36 [INFO] ai_blog_server: No keyword-pool entry matched blog scope | store=s1 handle=home-fitness-mobility focus_terms=fitness, mobility
2026-06-10 12:21:36 [WARNING] ai_blog_server: Failed to fetch blog handles for store s1: Token fetch for s1.myshopify.com failed (404): <!doctype html>
<html class="no-js" lang="en">
<head>
  <meta charset="UTF-8">
  <title>Create an Ecommerce Website and Sell Online! Ecommerce Software by Shopify</title>
  <meta name="description" co
2026-06-10 12:21:36 [INFO] ai_blog_server: Published article id=987 title='Guide Title' to store=s1.myshopify.com blog=news
2026-06-10 12:21:36 [INFO] ai_blog_server.quality: {"ts": "2026-06-10T11:21:36Z", "store_id": "s1", "title": "Bad", "score": 0, "verdict": "blocked", "publish_blocked": true, "word_count": 2, "heading_count": 0, "paragraph_count": 1, "image_count": 0, "duplicate_similarity": 0.0, "duplicate_title": "", "checks": [{"key": "title_length", "status": "fail", "impact": 12, "message": "3 characters. Too short or too long for a strong search title."}, {"key": "summary_length", "status": "fail", "impact": 8, "message": "10 characters. Too thin or too long to work well as an excerpt."}, {"key": "word_count", "status": "fail", "impact": 22, "message": "2 words. Too short for a strong SEO post."}, {"key": "headings", "status": "fail", "impact": 16, "message": "No section headings found. The post needs structure."}, {"key": "paragraphs", "status": "fail", "impact": 12, "message": "Only 1 paragraph blocks found. The draft is too compressed."}, {"key": "images", "status": "warn", "impact": 5, "message": "No image is attached. The post can still publish, but it is weaker for CTR."}, {"key": "cta", "status": "warn", "impact": 10, "message": "No clear shopping CTA detected. Add a line that drives the reader to the store."}, {"key": "filler", "status": "pass", "impact": 0, "message": "No common filler phrases detected."}, {"key": "keyword_coverage", "status": "warn", "impact": 4, "message": "No SEO keywords were provided with this draft."}, {"key": "prompt_relevance", "status": "fail", "impact": 14, "message": "The article appears weakly related to the requested prompt."}, {"key": "readability", "status": "pass", "impact": 0, "message": "Sentence and paragraph lengths look readable."}, {"key": "ai_artifacts", "status": "pass", "impact": 0, "message": "No obvious placeholders, prompt leakage, fences, or repeated title detected."}, {"key": "seo_completeness", "status": "warn", "impact": 10, "message": "The draft is missing useful SEO elements: bullet lists, FAQ/question section."}, {"key": "trust_safety", "status": "pass", "impact": 0, "message": "No obvious risky claims or guarantee language detected."}, {"key": "title_originality", "status": "pass", "impact": 0, "message": "Title looks distinct from recent generated posts."}, {"key": "excerpt_originality", "status": "pass", "impact": 0, "message": "Excerpt is not a close match to recent generated excerpts."}, {"key": "internal_duplication", "status": "pass", "impact": 0, "message": "No strong overlap with recent posts from this store."}]}
2026-06-10 12:21:36 [INFO] ai_blog_server: Publish blocked by local quality checks | store=s1 score=0
2026-06-10 12:21:36 [WARNING] ai_blog_server: Failed to fetch blog handles for store s1: Token fetch for s1.myshopify.com failed (404): <!doctype html>
<html class="no-js" lang="en">
<head>
  <meta charset="UTF-8">
  <title>Create an Ecommerce Website and Sell Online! Ecommerce Software by Shopify</title>
  <meta name="description" co
2026-06-10 12:21:37 [WARNING] ai_blog_server: Failed to fetch blog handles for store pub-s1: Token fetch for pub-s1.myshopify.com failed (404): <!doctype html>
<html class="no-js" lang="en">
<head>
  <meta charset="UTF-8">
  <title>Create an Ecommerce Website and Sell Online! Ecommerce Software by Shopify</title>
  <meta name="description" co
2026-06-10 12:21:37 [INFO] ai_blog_server: Scoped title selection found nothing for store pub-s1 handle=news: No title-generation model configured.
2026-06-10 12:21:37 [INFO] ai_blog_server.quality: {"ts": "2026-06-10T11:21:37Z", "store_id": "pub-s1", "title": "How To Choose The Best Everyday Product For Your Needs", "score": 37, "verdict": "blocked", "publish_blocked": true, "word_count": 1590, "heading_count": 4, "paragraph_count": 9, "image_count": 0, "duplicate_similarity": 0.0, "duplicate_title": "", "checks": [{"key": "title_length", "status": "pass", "impact": 0, "message": "54 characters. Good search-result length."}, {"key": "summary_length", "status": "pass", "impact": 0, "message": "146 characters. Good excerpt/meta length."}, {"key": "word_count", "status": "pass", "impact": 0, "message": "1590 words. Strong depth for an SEO article."}, {"key": "headings", "status": "pass", "impact": 0, "message": "4 section headings found."}, {"key": "paragraphs", "status": "pass", "impact": 0, "message": "9 paragraph blocks found."}, {"key": "images", "status": "warn", "impact": 5, "message": "No image is attached. The post can still publish, but it is weaker for CTR."}, {"key": "cta", "status": "pass", "impact": 0, "message": "A store-facing CTA is present or will be auto-added on publish."}, {"key": "filler", "status": "pass", "impact": 0, "message": "No common filler phrases detected."}, {"key": "keyword_coverage", "status": "fail", "impact": 12, "message": "Generated SEO keywords are not reflected in the article body."}, {"key": "keyword_stuffing", "status": "pass", "impact": 0, "message": "No obvious keyword overuse detected."}, {"key": "prompt_relevance", "status": "fail", "impact": 14, "message": "The article appears weakly related to the requested prompt."}, {"key": "readability", "status": "fail", "impact": 14, "message": "Too many long sentences or oversized paragraphs. Break up the copy."}, {"key": "ai_artifacts", "status": "pass", "impact": 0, "message": "No obvious placeholders, prompt leakage, fences, or repeated title detected."}, {"key": "seo_completeness", "status": "warn", "impact": 10, "message": "The draft is missing useful SEO elements: bullet lists, FAQ/question section."}, {"key": "trust_safety", "status": "warn", "impact": 8, "message": "Absolute claims detected: the best. Use more careful wording."}, {"key": "title_originality", "status": "pass", "impact": 0, "message": "Title looks distinct from recent generated posts."}, {"key": "excerpt_originality", "status": "pass", "impact": 0, "message": "Excerpt is not a close match to recent generated excerpts."}, {"key": "internal_duplication", "status": "pass", "impact": 0, "message": "No strong overlap with recent posts from this store."}]}
2026-06-10 12:21:37 [WARNING] ai_blog_server: Pipeline blocked by quality checks | store=pub-s1 title='How To Choose The Best Everyday Product For Your Needs' score=37 duplicate=''
2026-06-10 12:21:37 [WARNING] ai_blog_server: Failed to fetch blog handles for store pub-fail: Token fetch for pub-fail.myshopify.com failed (404): <!doctype html>
<html class="no-js" lang="en">
<head>
  <meta charset="UTF-8">
  <title>Create an Ecommerce Website and Sell Online! Ecommerce Software by Shopify</title>
  <meta name="description" co
2026-06-10 12:21:37 [INFO] ai_blog_server: Scoped title selection found nothing for store pub-fail handle=news: No title-generation model configured.
2026-06-10 12:21:38 [WARNING] ai_blog_server: Failed to fetch blog handles for store pub-quality: Token fetch for pub-quality.myshopify.com failed (404): <!doctype html>
<html class="no-js" lang="en">
<head>
  <meta charset="UTF-8">
  <title>Create an Ecommerce Website and Sell Online! Ecommerce Software by Shopify</title>
  <meta name="description" co
2026-06-10 12:21:38 [INFO] ai_blog_server: Scoped title selection found nothing for store pub-quality handle=news: No title-generation model configured.
2026-06-10 12:21:38 [INFO] ai_blog_server.quality: {"ts": "2026-06-10T11:21:38Z", "store_id": "pub-quality", "title": "Bad", "score": 0, "verdict": "blocked", "publish_blocked": true, "word_count": 2, "heading_count": 0, "paragraph_count": 1, "image_count": 0, "duplicate_similarity": 0.0, "duplicate_title": "", "checks": [{"key": "title_length", "status": "fail", "impact": 12, "message": "3 characters. Too short or too long for a strong search title."}, {"key": "summary_length", "status": "fail", "impact": 8, "message": "10 characters. Too thin or too long to work well as an excerpt."}, {"key": "word_count", "status": "fail", "impact": 22, "message": "2 words. Too short for a strong SEO post."}, {"key": "headings", "status": "fail", "impact": 16, "message": "No section headings found. The post needs structure."}, {"key": "paragraphs", "status": "fail", "impact": 12, "message": "Only 1 paragraph blocks found. The draft is too compressed."}, {"key": "images", "status": "warn", "impact": 5, "message": "No image is attached. The post can still publish, but it is weaker for CTR."}, {"key": "cta", "status": "warn", "impact": 10, "message": "No clear shopping CTA detected. Add a line that drives the reader to the store."}, {"key": "filler", "status": "pass", "impact": 0, "message": "No common filler phrases detected."}, {"key": "keyword_coverage", "status": "warn", "impact": 4, "message": "No SEO keywords were provided with this draft."}, {"key": "prompt_relevance", "status": "fail", "impact": 14, "message": "The article appears weakly related to the requested prompt."}, {"key": "readability", "status": "pass", "impact": 0, "message": "Sentence and paragraph lengths look readable."}, {"key": "ai_artifacts", "status": "pass", "impact": 0, "message": "No obvious placeholders, prompt leakage, fences, or repeated title detected."}, {"key": "seo_completeness", "status": "warn", "impact": 10, "message": "The draft is missing useful SEO elements: bullet lists, FAQ/question section."}, {"key": "trust_safety", "status": "pass", "impact": 0, "message": "No obvious risky claims or guarantee language detected."}, {"key": "title_originality", "status": "pass", "impact": 0, "message": "Title looks distinct from recent generated posts."}, {"key": "excerpt_originality", "status": "pass", "impact": 0, "message": "Excerpt is not a close match to recent generated excerpts."}, {"key": "internal_duplication", "status": "pass", "impact": 0, "message": "No strong overlap with recent posts from this store."}]}
2026-06-10 12:21:38 [WARNING] ai_blog_server: Pipeline blocked by quality checks | store=pub-quality title='Bad' score=0 duplicate=''
2026-06-10 12:21:38 [WARNING] ai_blog_server: _fetch_product_by_handle failed for stone-mug: Shopify GET https://s1.myshopify.com/admin/api/2025-01/products.json?handle=stone-mug&limit=1&fields=id,handle,title,body_html returned 404: {"errors":"Not Found"}
2026-06-10 12:21:38 [WARNING] ai_blog_server: Published article id=987 but could not update body_html description for product Stone Mug: No Shopify product found for handle 'stone-mug'.
2026-06-10 12:21:38 [INFO] ai_blog_server: Published article id=987 title='Guide Title' to store=s1.myshopify.com blog=news
2026-06-10 12:21:38 [WARNING] ai_blog_server: delete_article: article 222 moved or was scanned under stale blog id 111; retrying with blog 999
